
> lint
> eslint .


/workspace/src/components/developers/integration-simulator.tsx
  60:6  warning  React Hook useEffect has a missing dependency: 'setStep'. Either include it or remove the dependency array  react-hooks/exhaustive-deps
  70:6  warning  React Hook useEffect has a missing dependency: 'setStep'. Either include it or remove the dependency array  react-hooks/exhaustive-deps

/workspace/src/components/evidence/claim-dependency-graph.tsx
  121:9  warning  The 'selectedRels' conditional could make the dependencies of useMemo Hook (at line 145) change on every render. To fix this, wrap the initialization of 'selectedRels' in its own useMemo() Hook  react-hooks/exhaustive-deps

/workspace/src/components/home/demo-player.tsx
  70:6  warning  React Hook useEffect has a missing dependency: 'setStepIndex'. Either include it or remove the dependency array    react-hooks/exhaustive-deps
  83:6  warning  React Hook useEffect has a missing dependency: 'setStepIndex'. Either include it or remove the dependency array    react-hooks/exhaustive-deps
  89:6  warning  React Hook useEffect has a missing dependency: 'setStepIndex'. Either include it or remove the dependency array    react-hooks/exhaustive-deps
  96:5  warning  React Hook useCallback has a missing dependency: 'setStepIndex'. Either include it or remove the dependency array  react-hooks/exhaustive-deps

/workspace/src/components/home/pinned-cinematic.tsx
  455:17  warning  Fast refresh only works when a file only exports components. Use a new file to share constants or functions between components  react-refresh/only-export-components

/workspace/src/components/ui/badge.tsx
  36:17  warning  Fast refresh only works when a file only exports components. Use a new file to share constants or functions between components  react-refresh/only-export-components

/workspace/src/components/ui/button.tsx
  58:18  warning  Fast refresh only works when a file only exports components. Use a new file to share constants or functions between components  react-refresh/only-export-components

/workspace/src/lib/auth/use-current-user.ts
  59:3  warning  Unused eslint-disable directive (no problems were reported from 'react-hooks/rules-of-hooks')

✖ 11 problems (0 errors, 11 warnings)
  0 errors and 1 warning potentially fixable with the `--fix` option.

