
Running 38 tests using 1 worker

(node:7380) Warning: The 'NO_COLOR' env is ignored due to the 'FORCE_COLOR' env being set.
(Use `node --trace-warnings ...` to show where the warning was created)
  ✓   1 [chromium] › tests/p1-instruments.spec.ts:49:5 › P1 global routes › loads / (1.7s)
  ✓   2 [chromium] › tests/p1-instruments.spec.ts:49:5 › P1 global routes › loads /system (1.4s)
  ✓   3 [chromium] › tests/p1-instruments.spec.ts:49:5 › P1 global routes › loads /evidence/claims (1.6s)
  ✓   4 [chromium] › tests/p1-instruments.spec.ts:49:5 › P1 global routes › loads /maturity (1.4s)
  ✓   5 [chromium] › tests/p1-instruments.spec.ts:49:5 › P1 global routes › loads /evidence/benchmarks (2.0s)
  ✓   6 [chromium] › tests/p1-instruments.spec.ts:49:5 › P1 global routes › loads /developers (1.7s)
  ✓   7 [chromium] › tests/p1-instruments.spec.ts:49:5 › P1 global routes › loads /security (1.9s)
  ✓   8 [chromium] › tests/p1-instruments.spec.ts:49:5 › P1 global routes › loads /evidence/proof-capsules (1.5s)
  ✓   9 [chromium] › tests/p1-instruments.spec.ts:59:3 › P1 global routes › visible keyboard focus on primary nav (1.6s)
  ✓  10 [chromium] › tests/p1-instruments.spec.ts:76:3 › P1 global routes › reduced-motion prefers static presentation (1.7s)
  ✓  11 [chromium] › tests/p1-instruments.spec.ts:87:3 › P1 global routes › no destination claim silently shown as current on claims (1.5s)
  ✓  12 [chromium] › tests/p1-instruments.spec.ts:101:3 › Homepage Observatory › commit / denial / rollback KAR and denial no rollback (6.5s)
  ✓  13 [chromium] › tests/p1-instruments.spec.ts:162:3 › Homepage Observatory › commit and abort are first-class terminal paths (1.5s)
  ✓  14 [chromium] › tests/p1-instruments.spec.ts:173:3 › Architecture Atlas › plane isolation keeps ghost contracts (2.1s)
  ✓  15 [chromium] › tests/p1-instruments.spec.ts:197:3 › Architecture Atlas › keyboard plane selection and no hidden focus traps (1.5s)
  ✓  16 [chromium] › tests/p1-instruments.spec.ts:213:3 › Claim graph › current-only default, deep link, invalid fallback (2.8s)
  ✓  17 [chromium] › tests/p1-instruments.spec.ts:238:3 › Claim graph › tabular registry remains available (1.5s)
  ✓  18 [chromium] › tests/p1-instruments.spec.ts:250:3 › Maturity topology › no percent complete, critical path, table remains (1.4s)
  ✓  19 [chromium] › tests/p1-instruments.spec.ts:266:3 › Maturity topology › deep link capability and targets (1.3s)
  ✓  20 [chromium] › tests/p1-instruments.spec.ts:278:3 › Benchmark workbench › fixture disclaimer and never citable (1.4s)
  ✓  21 [chromium] › tests/p1-instruments.spec.ts:289:3 › Benchmark workbench › deep link benchmark view (1.4s)
  ✓  22 [chromium] › tests/p1-instruments.spec.ts:300:3 › Developer simulator › local fixture, denial, destination labeled (1.5s)
  ✓  23 [chromium] › tests/p1-instruments.spec.ts:315:3 › Developer simulator › deep link scenario step architecture (1.3s)
  ✓  24 [chromium] › tests/p1-instruments.spec.ts:326:3 › Evidence Lattice › limitations pinned and signature trust (2.4s)
  ✓  25 [chromium] › tests/p1-instruments.spec.ts:347:5 › Viewport matrix › m390 home no overflow (1.7s)
  ✓  26 [chromium] › tests/p1-instruments.spec.ts:347:5 › Viewport matrix › m430 home no overflow (1.5s)
  ✓  27 [chromium] › tests/p1-instruments.spec.ts:347:5 › Viewport matrix › t768 home no overflow (1.6s)
  ✓  28 [chromium] › tests/p1-instruments.spec.ts:347:5 › Viewport matrix › d1280 home no overflow (1.6s)
  ✓  29 [chromium] › tests/p1-instruments.spec.ts:347:5 › Viewport matrix › d1440 home no overflow (1.8s)
  ✓  30 [chromium] › tests/p1-instruments.spec.ts:347:5 › Viewport matrix › d1920 home no overflow (1.6s)
  ✓  31 [chromium] › tests/p1-instruments.spec.ts:365:5 › Viewport matrix › 390 no overflow /evidence/claims (1.2s)
  ✓  32 [chromium] › tests/p1-instruments.spec.ts:365:5 › Viewport matrix › 390 no overflow /maturity (1.2s)
  ✓  33 [chromium] › tests/p1-instruments.spec.ts:365:5 › Viewport matrix › 390 no overflow /evidence/benchmarks (1.4s)
  ✓  34 [chromium] › tests/p1-instruments.spec.ts:365:5 › Viewport matrix › 390 no overflow /developers (1.3s)
  ✓  35 [chromium] › tests/p1-instruments.spec.ts:378:3 › Viewport matrix › 1440 instruments contact set (4.5s)
  ✓  36 [chromium] › tests/p1-instruments.spec.ts:395:3 › Deep link history › claims back/forward (3.4s)
  ✓  37 [chromium] › tests/p1-instruments.spec.ts:412:3 › Deep link history › maturity and developers history (4.3s)
  ✓  38 [chromium] › tests/p1-instruments.spec.ts:433:3 › Deep link history › home observatory deep link (1.6s)

  38 passed (1.2m)
