# RED baseline — first run against soft-glow HEAD layout (pre Direction 2 product fixes)
# Captured during implementation: headlineLeft=48, railRight=172, gap=-124
FAIL  headline clears rail ≥8px @ 1280 — gap=-124.0 left=48 railR=172
FAIL  gap h2 clears rail ≥8px mid-pin @ 1280 — gap=-124.0 readable=true
PASS  no horizontal overflow @ 1280
FAIL  headline clears rail ≥8px @ 1440 — gap=-124.0 left=48 railR=172
FAIL  gap h2 clears rail ≥8px mid-pin @ 1440 — gap=-124.0 readable=true
PASS  no horizontal overflow @ 1440
FAIL  headline clears rail ≥8px @ 1920 — gap=-124.0 left=48 railR=172
FAIL  gap h2 clears rail ≥8px mid-pin @ 1920 — gap=-124.0 readable=true
PASS  no horizontal overflow @ 1920
PASS  no horizontal overflow @ 390
PASS  no horizontal overflow mid-pin @ 390
PASS  no horizontal overflow @ 430
PASS  no horizontal overflow mid-pin @ 430
PASS  single canvas instrument in pin — count=1
FAIL  forensic instrument landmark present — count=0
PASS  no bento/card grid inside sticky pin
PASS  reduced-motion: hero headline readable
PASS  reduced-motion: Abort label in pin
PASS  reduced-motion: Commit label in pin
FAIL  reduced-motion: capsule silhouette present — count=0
PASS  DemoPlayer Commit path control present
PASS  DemoPlayer Abort path control present
PASS  DemoPlayer Abort path operable
FAIL  canvas exposes pause debug API for lifecycle — {"hasCanvas":true,"debugApi":false}

15/24 passed
