PASS  headline clears rail ≥8px @ 1280 — gap=12.0 left=68 railR=56
PASS  gap h2 clears rail ≥8px mid-pin @ 1280 — gap=12.0 readable=true
PASS  no horizontal overflow @ 1280
PASS  headline clears rail ≥8px @ 1440 — gap=12.0 left=68 railR=56
PASS  gap h2 clears rail ≥8px mid-pin @ 1440 — gap=12.0 readable=true
PASS  no horizontal overflow @ 1440
PASS  headline clears rail ≥8px @ 1920 — gap=12.0 left=68 railR=56
PASS  gap h2 clears rail ≥8px mid-pin @ 1920 — gap=12.0 readable=true
PASS  no horizontal overflow @ 1920
PASS  no horizontal overflow @ 390
PASS  no horizontal overflow mid-pin @ 390
PASS  no horizontal overflow @ 430
PASS  no horizontal overflow mid-pin @ 430
PASS  single canvas instrument in pin — count=1
PASS  forensic instrument landmark present — count=2
PASS  no bento/card grid inside sticky pin
PASS  Intent state: intent layer active with focusable CTAs — {"intent":{"exists":true,"count":4,"names":["See the control gap","Watch the commit boundary","Explore the model","View implementation maturity"],"ariaHidden":false,"inert":false},"intentActiveAttrs":{"intent":"true","gap":"false"}}
PASS  Intent state: gap layer inert / zero sequential focusables — {"exists":true,"count":0,"names":[],"ariaHidden":true,"inert":true}
PASS  Gap state: intent layer inert / zero sequential focusables — {"exists":true,"count":0,"names":[],"ariaHidden":true,"inert":true}
PASS  Gap state: gap layer active (no stranded focus requirement — no CTAs) — {"gap":{"exists":true,"count":0,"names":[],"ariaHidden":false,"inert":false},"gapAttrs":{"intent":"false","gap":"true"}}
PASS  Decide state: every aria-hidden narrative layer has zero sequential focusables — {"decideHiddenOk":[{"layer":"intent","hidden":true,"inert":true,"focusable":0,"ok":true},{"layer":"gap","hidden":false,"inert":false,"focusable":0,"ok":true}],"intent":{"exists":true,"count":0,"names":[],"ariaHidden":true,"inert":true},"gap":{"exists":true,"count":0,"names":[],"ariaHidden":false,"inert":false}}
PASS  Emit state: every aria-hidden narrative layer has zero sequential focusables — {"emitHiddenOk":[{"layer":"intent","hidden":true,"inert":true,"focusable":0,"ok":true},{"layer":"gap","hidden":true,"inert":true,"focusable":0,"ok":true}],"intent":{"exists":true,"count":0,"names":[],"ariaHidden":true,"inert":true},"gap":{"exists":true,"count":0,"names":[],"ariaHidden":true,"inert":true}}
PASS  transition Intent→Gap does not strand focus in hidden layer — {"focusedBefore":"See the control gap","focusAfter":{"name":null,"inHidden":false}}
PASS  active Intent CTAs remain keyboard reachable
PASS  Demo handoff: rail spine (not full) @ 1280 — {"mode":"spine","railRight":56}
PASS  Demo heading clears rail ≥8px @ 1280 — {"heading":76,"commit":92,"abort":180,"phase":89}
PASS  Demo Commit control clears rail ≥8px @ 1280 — {"heading":76,"commit":92,"abort":180,"phase":89}
PASS  Demo Abort control clears rail ≥8px @ 1280 — {"heading":76,"commit":92,"abort":180,"phase":89}
PASS  Demo phase/pipeline control clears rail ≥8px @ 1280 — {"heading":76,"commit":92,"abort":180,"phase":89}
PASS  Demo no pointer target under rail @ 1280 — {"heading":false,"commit":false,"abort":false,"phase":false}
PASS  Demo focused control not hidden by rail @ 1280 — focusCovered=false
PASS  Demo handoff: rail spine (not full) @ 1440 — {"mode":"spine","railRight":56}
PASS  Demo heading clears rail ≥8px @ 1440 — {"heading":156,"commit":172,"abort":260,"phase":169}
PASS  Demo Commit control clears rail ≥8px @ 1440 — {"heading":156,"commit":172,"abort":260,"phase":169}
PASS  Demo Abort control clears rail ≥8px @ 1440 — {"heading":156,"commit":172,"abort":260,"phase":169}
PASS  Demo phase/pipeline control clears rail ≥8px @ 1440 — {"heading":156,"commit":172,"abort":260,"phase":169}
PASS  Demo no pointer target under rail @ 1440 — {"heading":false,"commit":false,"abort":false,"phase":false}
PASS  Demo focused control not hidden by rail @ 1440 — focusCovered=false
PASS  Demo handoff: rail spine (not full) @ 1920 — {"mode":"spine","railRight":56}
PASS  Demo heading clears rail ≥8px @ 1920 — {"heading":396,"commit":412,"abort":500,"phase":409}
PASS  Demo Commit control clears rail ≥8px @ 1920 — {"heading":396,"commit":412,"abort":500,"phase":409}
PASS  Demo Abort control clears rail ≥8px @ 1920 — {"heading":396,"commit":412,"abort":500,"phase":409}
PASS  Demo phase/pipeline control clears rail ≥8px @ 1920 — {"heading":396,"commit":412,"abort":500,"phase":409}
PASS  Demo no pointer target under rail @ 1920 — {"heading":false,"commit":false,"abort":false,"phase":false}
PASS  Demo focused control not hidden by rail @ 1920 — focusCovered=false
PASS  mobile Decide phase id @ 390 — {"phaseId":"decide","progress":"0.673","phaseLabel":"Commit · Abort","dualPresent":true,"dualText":"Abort·Commit— both first-class","abortVisible":true,"commitVisible":true}
PASS  mobile Decide label Commit·Abort @ 390 — {"phaseId":"decide","progress":"0.673","phaseLabel":"Commit · Abort","dualPresent":true,"dualText":"Abort·Commit— both first-class","abortVisible":true,"commitVisible":true}
PASS  mobile Decide dual exits readable @ 390 — {"phaseId":"decide","progress":"0.673","phaseLabel":"Commit · Abort","dualPresent":true,"dualText":"Abort·Commit— both first-class","abortVisible":true,"commitVisible":true}
PASS  no horizontal overflow mid-decide @ 390
PASS  mobile Decide phase id @ 430 — {"phaseId":"decide","progress":"0.669","phaseLabel":"Commit · Abort","dualPresent":true,"dualText":"Abort·Commit— both first-class","abortVisible":true,"commitVisible":true}
PASS  mobile Decide label Commit·Abort @ 430 — {"phaseId":"decide","progress":"0.669","phaseLabel":"Commit · Abort","dualPresent":true,"dualText":"Abort·Commit— both first-class","abortVisible":true,"commitVisible":true}
PASS  mobile Decide dual exits readable @ 430 — {"phaseId":"decide","progress":"0.669","phaseLabel":"Commit · Abort","dualPresent":true,"dualText":"Abort·Commit— both first-class","abortVisible":true,"commitVisible":true}
PASS  no horizontal overflow mid-decide @ 430
PASS  handoff capsule and demo heading share viewport — {"scrollY":3782,"capsuleInView":true,"headingInView":true,"headingFullyVisible":true,"playerTopInView":true,"capsuleTop":74.359375,"headingTop":254.375,"headingBottom":450.21875,"playerTop":572.2205810546875}
PASS  demo heading fully visible at handoff — {"scrollY":3782,"capsuleInView":true,"headingInView":true,"headingFullyVisible":true,"playerTopInView":true,"capsuleTop":74.359375,"headingTop":254.375,"headingBottom":450.21875,"playerTop":572.2205810546875}
PASS  DemoPlayer top enters same handoff viewport — {"scrollY":3782,"capsuleInView":true,"headingInView":true,"headingFullyVisible":true,"playerTopInView":true,"capsuleTop":74.359375,"headingTop":254.375,"headingBottom":450.21875,"playerTop":572.2205810546875}
PASS  reduced-motion first paint: data-reduced-motion=true — {"reducedAttr":"true","progress":"0.940","height":"900px","abort":true,"commit":true,"capsule":true}
PASS  reduced-motion first paint: composed progress ≥0.9 (Decide+Emit) — {"reducedAttr":"true","progress":"0.940","height":"900px","abort":true,"commit":true,"capsule":true}
PASS  reduced-motion first paint: dual exits + capsule present — {"reducedAttr":"true","progress":"0.940","height":"900px","abort":true,"commit":true,"capsule":true}
PASS  reduced-motion: canvas animation loop not active — {"hasDebug":false,"rafActive":null,"paused":null,"probeRaf":0}
PASS  reduced-motion: hero headline readable
PASS  reduced-motion: Abort exit label (exact)
PASS  reduced-motion: Commit exit label (exact, not headline)
PASS  reduced-motion: dual-exit shape markers present
PASS  reduced-motion: capsule silhouette present — count=1
PASS  DemoPlayer Commit path control present
PASS  DemoPlayer Abort path control present
PASS  DemoPlayer Abort path changes scenario state — {"before":{"scenario":"success","commitPressed":"true","abortPressed":"false"},"afterAbort":{"scenario":"abort","commitPressed":"false","abortPressed":"true"}}
PASS  DemoPlayer Commit path changes scenario state — {"afterAbort":{"scenario":"abort","commitPressed":"false","abortPressed":"true"},"afterCommit":{"scenario":"success","commitPressed":"true","abortPressed":"false"}}
PASS  canvas exposes pause debug API in dev — {"paused":false,"rafActive":true,"hasApi":true}
PASS  canvas not paused while pin in view — {"paused":false,"rafActive":true,"hasApi":true}
PASS  canvas pauses when scrolled offscreen — {"paused":true,"rafActive":false,"canvasTop":-948,"canvasBottom":-148,"vh":800}
PASS  canvas resumes when returned to view — {"paused":false,"rafActive":true}

73/73 passed
