[nitro:vercel] ℹ Using nodejs22.x runtime.
[nitro:vercel] ℹ Using web entry format.
vite v8.1.5 building client environment for production...
[2Ktransforming...✓ 1797 modules transformed.
rendering chunks...
computing gzip size...
.vercel/output/static/assets/styles-kQefZtho.css                  82.59 kB │ gzip:  13.53 kB
.vercel/output/static/assets/system-Ca3uW4ja.js                    0.69 kB │ gzip:   0.42 kB
.vercel/output/static/assets/badge-DJ9Ku0pb.js                     0.81 kB │ gzip:   0.43 kB
.vercel/output/static/assets/evidence-BAv9vNAU.js                  1.27 kB │ gzip:   0.62 kB
.vercel/output/static/assets/evidence-CbHySxcO.js                  1.32 kB │ gzip:   0.72 kB
.vercel/output/static/assets/maturity-badge-BrJ5QOyj.js            1.53 kB │ gzip:   0.71 kB
.vercel/output/static/assets/page-stub-8U_ZlyPR.js                 2.06 kB │ gzip:   0.81 kB
.vercel/output/static/assets/trust-boundary-diagram-QYlhanFG.js    2.10 kB │ gzip:   1.05 kB
.vercel/output/static/assets/maturity-CEAYAnOq.js                  2.41 kB │ gzip:   0.89 kB
.vercel/output/static/assets/benchmarks-BeDjdJbW.js                2.49 kB │ gzip:   1.10 kB
.vercel/output/static/assets/forensic-frame-eFnLwMZA.js            2.71 kB │ gzip:   0.85 kB
.vercel/output/static/assets/developers-mr4WrlJU.js                3.33 kB │ gzip:   1.40 kB
.vercel/output/static/assets/change-gate-VRPF5KPn.js               3.47 kB │ gzip:   1.36 kB
.vercel/output/static/assets/security-0GYKQlAa.js                  4.21 kB │ gzip:   1.84 kB
.vercel/output/static/assets/research-4gi0mpXb.js                  4.85 kB │ gzip:   1.92 kB
.vercel/output/static/assets/reveal-xKAULuOo.js                    7.09 kB │ gzip:   3.00 kB
.vercel/output/static/assets/claims-BtGXmtux.js                    7.12 kB │ gzip:   2.36 kB
.vercel/output/static/assets/content-CkLcSCKT.js                  12.64 kB │ gzip:   4.52 kB
.vercel/output/static/assets/change-gate-CHTxqBFc.js              14.93 kB │ gzip:   3.51 kB
.vercel/output/static/assets/proof-capsules-10Du_dR_.js           17.07 kB │ gzip:   4.82 kB
.vercel/output/static/assets/routes-OMXWN_Ss.js                   84.57 kB │ gzip:  21.45 kB
.vercel/output/static/assets/index-Dy5ismuo.js                   366.36 kB │ gzip: 116.85 kB

✓ built in 1.13s
vite v8.1.5 building ssr environment for production...
[2Ktransforming...✓ 118 modules transformed.
rendering chunks...
computing gzip size...
node_modules/.nitro/vite/services/ssr/assets/styles-kQefZtho.css                      82.59 kB │ gzip: 13.53 kB
node_modules/.nitro/vite/services/ssr/assets/start-5Z2QO8AU.js                         0.14 kB │ gzip:  0.13 kB
node_modules/.nitro/vite/services/ssr/assets/utils-C_uf36nf.js                         0.18 kB │ gzip:  0.15 kB
node_modules/.nitro/vite/services/ssr/assets/empty-plugin-adapters-D9UWiqvJ.js         0.22 kB │ gzip:  0.16 kB
node_modules/.nitro/vite/services/ssr/assets/badge-Dm2aZ00T.js                         1.07 kB │ gzip:  0.56 kB
node_modules/.nitro/vite/services/ssr/assets/system-BvbJEvCf.js                        1.10 kB │ gzip:  0.57 kB
node_modules/.nitro/vite/services/ssr/assets/button-B-7YDd73.js                        1.73 kB │ gzip:  0.83 kB
node_modules/.nitro/vite/services/ssr/assets/evidence-CRx_yf7Y.js                      1.75 kB │ gzip:  0.85 kB
node_modules/.nitro/vite/services/ssr/assets/evidence-80kMZTY8.js                      1.92 kB │ gzip:  0.84 kB
node_modules/.nitro/vite/services/ssr/assets/maturity-badge-C3dmPz-F.js                2.41 kB │ gzip:  0.97 kB
node_modules/.nitro/vite/services/ssr/assets/trust-boundary-diagram-D3_fWgvB.js        2.90 kB │ gzip:  1.27 kB
node_modules/.nitro/vite/services/ssr/assets/_tanstack-start-manifest_v-8Da1uzGk.js    3.34 kB │ gzip:  0.78 kB
node_modules/.nitro/vite/services/ssr/assets/page-stub-CNaV2sjS.js                     3.41 kB │ gzip:  1.07 kB
node_modules/.nitro/vite/services/ssr/assets/forensic-frame-Bwca8SFo.js                3.57 kB │ gzip:  1.07 kB
node_modules/.nitro/vite/services/ssr/assets/benchmarks-CiSsts7K.js                    3.74 kB │ gzip:  1.33 kB
node_modules/.nitro/vite/services/ssr/assets/maturity-DlIbBZbY.js                      3.82 kB │ gzip:  1.18 kB
node_modules/.nitro/vite/services/ssr/assets/change-gate-BngPCqUd.js                   4.19 kB │ gzip:  1.61 kB
node_modules/.nitro/vite/services/ssr/assets/developers-CpVx8Eai.js                    4.94 kB │ gzip:  1.69 kB
node_modules/.nitro/vite/services/ssr/assets/security-Bk7M4ZHx.js                      5.60 kB │ gzip:  2.14 kB
node_modules/.nitro/vite/services/ssr/assets/research-DT-D2qiZ.js                      6.84 kB │ gzip:  2.26 kB
node_modules/.nitro/vite/services/ssr/assets/site-copy-BRpXPyRy.js                     7.40 kB │ gzip:  2.89 kB
node_modules/.nitro/vite/services/ssr/assets/reveal-Cv5cVh_W.js                        8.86 kB │ gzip:  3.17 kB
node_modules/.nitro/vite/services/ssr/assets/claims-DTmhSxIK.js                       10.64 kB │ gzip:  2.98 kB
node_modules/.nitro/vite/services/ssr/assets/content-BpadpKYG.js                      15.04 kB │ gzip:  4.78 kB
node_modules/.nitro/vite/services/ssr/assets/router-DNZm-6Lf.js                       15.88 kB │ gzip:  4.01 kB
node_modules/.nitro/vite/services/ssr/assets/change-gate-CGtCbgln.js                  21.87 kB │ gzip:  4.55 kB
node_modules/.nitro/vite/services/ssr/assets/proof-capsules-C0zw5JgS.js               25.62 kB │ gzip:  5.88 kB
node_modules/.nitro/vite/services/ssr/index.js                                        59.49 kB │ gzip: 15.27 kB
node_modules/.nitro/vite/services/ssr/assets/routes-CfQ25O-Z.js                      128.11 kB │ gzip: 27.53 kB

✓ built in 502ms

[nitro] ◐ Building [Nitro] (preset: vercel, compatibility: 2026-07-29)
[nitro] ✔ Generated public .vercel/output/static
vite v8.1.5 building nitro environment for production...
[2Ktransforming...✓ 1788 modules transformed.
rendering chunks...
computing gzip size...
.vercel/output/functions/__server.func/_ssr/start-5Z2QO8AU.mjs                         0.14 kB │ gzip:   0.13 kB
.vercel/output/functions/__server.func/_ssr/empty-plugin-adapters-D9UWiqvJ.mjs         0.23 kB │ gzip:   0.16 kB
.vercel/output/functions/__server.func/_ssr/utils-C_uf36nf.mjs                         0.29 kB │ gzip:   0.21 kB
.vercel/output/functions/__server.func/_chunks/ssr-renderer.mjs                        0.60 kB │ gzip:   0.36 kB
.vercel/output/functions/__server.func/_runtime.mjs                                    1.27 kB │ gzip:   0.64 kB
.vercel/output/functions/__server.func/_ssr/badge-Dm2aZ00T.mjs                         1.29 kB │ gzip:   0.61 kB
.vercel/output/functions/__server.func/_ssr/system-BvbJEvCf.mjs                        1.38 kB │ gzip:   0.64 kB
.vercel/output/functions/__server.func/_libs/radix-ui__react-separator.mjs             1.45 kB │ gzip:   0.63 kB
.vercel/output/functions/__server.func/_ssr/evidence-CRx_yf7Y.mjs                      2.02 kB │ gzip:   0.93 kB
.vercel/output/functions/__server.func/_ssr/button-B-7YDd73.mjs                        2.05 kB │ gzip:   0.93 kB
.vercel/output/functions/__server.func/_ssr/evidence-80kMZTY8.mjs                      2.28 kB │ gzip:   0.93 kB
.vercel/output/functions/__server.func/_ssr/maturity-badge-C3dmPz-F.mjs                2.59 kB │ gzip:   1.04 kB
.vercel/output/functions/__server.func/_libs/class-variance-authority+clsx.mjs         3.17 kB │ gzip:   1.24 kB
.vercel/output/functions/__server.func/_ssr/trust-boundary-diagram-D3_fWgvB.mjs        3.21 kB │ gzip:   1.34 kB
.vercel/output/functions/__server.func/_tanstack-start-manifest_v-8Da1uzGk.mjs         3.40 kB │ gzip:   0.82 kB
.vercel/output/functions/__server.func/_ssr/forensic-frame-Bwca8SFo.mjs                4.00 kB │ gzip:   1.15 kB
.vercel/output/functions/__server.func/_ssr/page-stub-CNaV2sjS.mjs                     4.07 kB │ gzip:   1.12 kB
.vercel/output/functions/__server.func/_ssr/change-gate-BngPCqUd.mjs                   4.24 kB │ gzip:   1.64 kB
.vercel/output/functions/__server.func/_ssr/benchmarks-CiSsts7K.mjs                    4.35 kB │ gzip:   1.41 kB
.vercel/output/functions/__server.func/_ssr/maturity-DlIbBZbY.mjs                      4.61 kB │ gzip:   1.26 kB
.vercel/output/functions/__server.func/_ssr/developers-CpVx8Eai.mjs                    5.74 kB │ gzip:   1.78 kB
.vercel/output/functions/__server.func/_ssr/security-Bk7M4ZHx.mjs                      6.27 kB │ gzip:   2.21 kB
.vercel/output/functions/__server.func/index.mjs                                       7.21 kB │ gzip:   2.59 kB
.vercel/output/functions/__server.func/_ssr/site-copy-BRpXPyRy.mjs                     7.44 kB │ gzip:   2.92 kB
.vercel/output/functions/__server.func/_ssr/research-DT-D2qiZ.mjs                      7.73 kB │ gzip:   2.35 kB
.vercel/output/functions/__server.func/_ssr/reveal-Cv5cVh_W.mjs                        9.48 kB │ gzip:   3.25 kB
.vercel/output/functions/__server.func/_libs/h3-v2+rou3.mjs                            9.83 kB │ gzip:   3.05 kB
.vercel/output/functions/__server.func/_libs/lucide-react.mjs                         11.07 kB │ gzip:   2.65 kB
.vercel/output/functions/__server.func/_libs/tanstack__history.mjs                    12.09 kB │ gzip:   3.48 kB
.vercel/output/functions/__server.func/_ssr/claims-DTmhSxIK.mjs                       12.33 kB │ gzip:   3.12 kB
.vercel/output/functions/__server.func/_ssr/content-BpadpKYG.mjs                      15.07 kB │ gzip:   4.81 kB
.vercel/output/functions/__server.func/_libs/@radix-ui/react-primitive+[...].mjs      15.62 kB │ gzip:   4.29 kB
.vercel/output/functions/__server.func/_libs/@radix-ui/react-compose-refs+[...].mjs   16.79 kB │ gzip:   4.66 kB
.vercel/output/functions/__server.func/_ssr/router-DNZm-6Lf.mjs                       16.85 kB │ gzip:   4.08 kB
.vercel/output/functions/__server.func/_libs/h3+rou3+srvx.mjs                         23.19 kB │ gzip:   6.28 kB
.vercel/output/functions/__server.func/_ssr/change-gate-CGtCbgln.mjs                  24.75 kB │ gzip:   4.68 kB
.vercel/output/functions/__server.func/_ssr/proof-capsules-C0zw5JgS.mjs               28.79 kB │ gzip:   6.03 kB
.vercel/output/functions/__server.func/_ssr/ssr.mjs                                   57.57 kB │ gzip:  15.09 kB
.vercel/output/functions/__server.func/_libs/@tanstack/router-core+[...].mjs          80.13 kB │ gzip:  20.13 kB
.vercel/output/functions/__server.func/_libs/tailwind-merge.mjs                       88.13 kB │ gzip:  15.66 kB
.vercel/output/functions/__server.func/_ssr/routes-CfQ25O-Z.mjs                      141.27 kB │ gzip:  28.09 kB
.vercel/output/functions/__server.func/_libs/@tanstack/react-router+[...].mjs        664.43 kB │ gzip: 138.99 kB

✓ built in 394ms
ℹ Generated .vercel/output/nitro.json

[nitro] ✔ You can preview this build using npx vite preview
[nitro] ✔ You can deploy this build using npx nitro deploy --prebuilt
BUILD:0
